// Jest Snapshot v1, https://goo.gl/fbAQLP

exports[`Test component Test Header components 1`] = `
Object {
  "asFragment": [Function],
  "baseElement": <body>
    <div>
      <header
        class="header__Container-sc-nre3gu-0 fFDyFw"
      >
        <nav
          class="header__Nav-sc-nre3gu-1 LAEPW"
        >
          <a
            class="header__BackArrow-sc-nre3gu-3 dbGXyx"
            href="/"
          >
            electronics (undefined)
          </a>
          <ul
            class="header__Categories-sc-nre3gu-4 gphpXY"
          >
            <a
              class="link"
              href="/"
            >
              <li
                class="header__Category-sc-nre3gu-5 igYrWh"
              >
                electronics
              </li>
            </a>
            <a
              class="link"
              href="/"
            >
              <li
                class="header__Category-sc-nre3gu-5 bNmxvb"
              >
                jewelery
              </li>
            </a>
            <a
              class="link"
              href="/"
            >
              <li
                class="header__Category-sc-nre3gu-5 bNmxvb"
              >
                men's clothing
              </li>
            </a>
            <a
              class="link"
              href="/"
            >
              <li
                class="header__Category-sc-nre3gu-5 bNmxvb"
              >
                women's clothing
              </li>
            </a>
          </ul>
        </nav>
      </header>
    </div>
  </body>,
  "container": <div>
    <header
      class="header__Container-sc-nre3gu-0 fFDyFw"
    >
      <nav
        class="header__Nav-sc-nre3gu-1 LAEPW"
      >
        <a
          class="header__BackArrow-sc-nre3gu-3 dbGXyx"
          href="/"
        >
          electronics (undefined)
        </a>
        <ul
          class="header__Categories-sc-nre3gu-4 gphpXY"
        >
          <a
            class="link"
            href="/"
          >
            <li
              class="header__Category-sc-nre3gu-5 igYrWh"
            >
              electronics
            </li>
          </a>
          <a
            class="link"
            href="/"
          >
            <li
              class="header__Category-sc-nre3gu-5 bNmxvb"
            >
              jewelery
            </li>
          </a>
          <a
            class="link"
            href="/"
          >
            <li
              class="header__Category-sc-nre3gu-5 bNmxvb"
            >
              men's clothing
            </li>
          </a>
          <a
            class="link"
            href="/"
          >
            <li
              class="header__Category-sc-nre3gu-5 bNmxvb"
            >
              women's clothing
            </li>
          </a>
        </ul>
      </nav>
    </header>
  </div>,
  "debug": [Function],
  "findAllByAltText": [Function],
  "findAllByDisplayValue": [Function],
  "findAllByLabelText": [Function],
  "findAllByPlaceholderText": [Function],
  "findAllByRole": [Function],
  "findAllByTestId": [Function],
  "findAllByText": [Function],
  "findAllByTitle": [Function],
  "findByAltText": [Function],
  "findByDisplayValue": [Function],
  "findByLabelText": [Function],
  "findByPlaceholderText": [Function],
  "findByRole": [Function],
  "findByTestId": [Function],
  "findByText": [Function],
  "findByTitle": [Function],
  "getAllByAltText": [Function],
  "getAllByDisplayValue": [Function],
  "getAllByLabelText": [Function],
  "getAllByPlaceholderText": [Function],
  "getAllByRole": [Function],
  "getAllByTestId": [Function],
  "getAllByText": [Function],
  "getAllByTitle": [Function],
  "getByAltText": [Function],
  "getByDisplayValue": [Function],
  "getByLabelText": [Function],
  "getByPlaceholderText": [Function],
  "getByRole": [Function],
  "getByTestId": [Function],
  "getByText": [Function],
  "getByTitle": [Function],
  "queryAllByAltText": [Function],
  "queryAllByDisplayValue": [Function],
  "queryAllByLabelText": [Function],
  "queryAllByPlaceholderText": [Function],
  "queryAllByRole": [Function],
  "queryAllByTestId": [Function],
  "queryAllByText": [Function],
  "queryAllByTitle": [Function],
  "queryByAltText": [Function],
  "queryByDisplayValue": [Function],
  "queryByLabelText": [Function],
  "queryByPlaceholderText": [Function],
  "queryByRole": [Function],
  "queryByTestId": [Function],
  "queryByText": [Function],
  "queryByTitle": [Function],
  "rerender": [Function],
  "unmount": [Function],
}
`;
